// Jest Snapshot v1, https://goo.gl/fbAQLP

exports[`getContractsFromConfig should work 1`] = `
Array [
  "0x0625dc1290b6e936be5f1a3e963cf629326b1f4dfd5a56738dea98e1ad31b7f3",
]
`;
